Already on 'slurm-gpu-experiments'
Your branch is ahead of 'origin/slurm-gpu-experiments' by 10 commits.
  (use "git push" to publish your local commits)
SLURM job 1556 resuming cluster7 sweep on dgx001 at Mon Sep 14 05:45:22 PM UTC 2026
[2026-09-14 17:45:22] SWEEP_START run_dir=/raid/brunoguilherme/DeepGenerativeTopicCluster/results/cluster7_all_datasets_20260914_121424
[2026-09-14 17:45:22] MONITOR tail -f /shared/dgx-raid/brunoguilherme/DeepGenerativeTopicCluster/results/cluster7_all_datasets_20260914_121424/run.log
[2026-09-14 17:45:22] MONITOR cat /shared/dgx-raid/brunoguilherme/DeepGenerativeTopicCluster/results/cluster7_all_datasets_20260914_121424/current_status.txt
[2026-09-14 17:45:22] MONITOR cat /shared/dgx-raid/brunoguilherme/DeepGenerativeTopicCluster/results/cluster7_all_datasets_20260914_121424/progress.txt
[2026-09-14 17:45:22] SKIP model=sbert_gte dataset=20ng progress=1/104 (already completed at 2026-09-14 12:16:14)
[2026-09-14 17:45:22] SKIP model=sbert_gte dataset=imdb progress=2/104 (already completed at 2026-09-14 12:21:11)
[2026-09-14 17:45:22] SKIP model=sbert_gte dataset=agnews_short progress=3/104 (already completed at 2026-09-14 12:21:31)
[2026-09-14 17:45:22] SKIP model=sbert_gte dataset=search_snippets progress=4/104 (already completed at 2026-09-14 12:22:00)
[2026-09-14 17:45:22] SKIP model=sbert_gte dataset=stack_overflow progress=5/104 (already completed at 2026-09-14 12:22:38)
[2026-09-14 17:45:22] SKIP model=sbert_gte dataset=biomedical progress=6/104 (already completed at 2026-09-14 12:23:22)
[2026-09-14 17:45:22] SKIP model=sbert_gte dataset=google_news_ts progress=7/104 (already completed at 2026-09-14 12:23:58)
[2026-09-14 17:45:22] SKIP model=sbert_gte dataset=google_news_t progress=8/104 (already completed at 2026-09-14 12:24:34)
[2026-09-14 17:45:22] SKIP model=sbert_gte dataset=google_news_s progress=9/104 (already completed at 2026-09-14 12:25:10)
[2026-09-14 17:45:22] SKIP model=sbert_gte dataset=tweet progress=10/104 (already completed at 2026-09-14 12:25:26)
[2026-09-14 17:45:22] SKIP model=sbert_gte dataset=hicot_20ng progress=11/104 (already completed at 2026-09-14 12:26:32)
[2026-09-14 17:45:22] SKIP model=sbert_gte dataset=hicot_imdb progress=12/104 (already completed at 2026-09-14 12:29:04)
[2026-09-14 17:45:22] SKIP model=sbert_gte dataset=hicot_agnews progress=13/104 (already completed at 2026-09-14 12:29:31)
[2026-09-14 17:45:22] SKIP model=sbert_gte dataset=hicot_search_snippets progress=14/104 (already completed at 2026-09-14 12:29:57)
[2026-09-14 17:45:22] SKIP model=sbert_gte dataset=hicot_google_news progress=15/104 (already completed at 2026-09-14 12:30:31)
[2026-09-14 17:45:22] SKIP model=sbert_gte dataset=agnews_full progress=16/104 (already completed at 2026-09-14 12:39:25)
[2026-09-14 17:45:22] SKIP model=sbert_gte dataset=banking77 progress=17/104 (already completed at 2026-09-14 12:40:07)
[2026-09-14 17:45:22] SKIP model=sbert_gte dataset=bbc_news progress=18/104 (already completed at 2026-09-14 12:40:27)
[2026-09-14 17:45:22] SKIP model=sbert_gte dataset=dblp progress=19/104 (already completed at 2026-09-14 12:42:18)
[2026-09-14 17:45:22] START model=sbert_gte dataset=dbpedia_14 attempt=1 progress=20/104
[2026-09-14T17:48:22.342] error: *** JOB 1556 ON dgx001 CANCELLED AT 2026-09-14T17:48:22 DUE to SIGNAL Terminated ***
