
=== attempt 1 (exit=0, 613.6s) ===
Running [cluster]: models=['hicot'] datasets=['20ng'] seed=42

[1/1] model=hicot dataset=20ng seed=42: ok acc=0.1325480208001698 nmi=0.11705937601709268

                                                   20NG (K=20)
Model     ACC      NMI      ARI      AMI     Homog.  Complet. V-meas.   Purity   Silh.      DB       CH
----------------------------------------------------------------------------------------------------------
HiCOT     13.3     11.7     1.5      11.4     8.9      17.3     11.7     13.6     1.6     124.8   291928.3

Results from a single run (seed=42).

Results appended to: /raid/brunoguilherme/DeepGenerativeTopicCluster/results/cluster7_all_datasets_20260914_121424/cluster/cluster_results.csv
Results merged into: /raid/brunoguilherme/DeepGenerativeTopicCluster/results/cluster7_all_datasets_20260914_121424/cluster/cluster_results.json
Table written to: /raid/brunoguilherme/DeepGenerativeTopicCluster/results/cluster7_all_datasets_20260914_121424/cluster/table.txt
Table written to: /raid/brunoguilherme/DeepGenerativeTopicCluster/results/cluster7_all_datasets_20260914_121424/cluster/table.tex
WARNING: All log messages before absl::InitializeLog() is called are written to STDERR
I0000 00:00:1789408107.006086 3748781 port.cc:153] oneDNN custom operations are on. You may see slightly different numerical results due to floating-point round-off errors from different computation orders. To turn them off, set the environment variable `TF_ENABLE_ONEDNN_OPTS=0`.
I0000 00:00:1789408107.050897 3748781 cpu_feature_guard.cc:227] This TensorFlow binary is optimized to use available CPU instructions in performance-critical operations.
To enable the following instructions: AVX2 AVX512F AVX512_VNNI AVX512_BF16 AVX512_FP16 AVX_VNNI AMX_TILE AMX_INT8 AMX_BF16 FMA, in other operations, rebuild TensorFlow with the appropriate compiler flags.
WARNING: All log messages before absl::InitializeLog() is called are written to STDERR
I0000 00:00:1789408108.053672 3748781 port.cc:153] oneDNN custom operations are on. You may see slightly different numerical results due to floating-point round-off errors from different computation orders. To turn them off, set the environment variable `TF_ENABLE_ONEDNN_OPTS=0`.
Warning: You are sending unauthenticated requests to the HF Hub. Please set a HF_TOKEN to enable higher rate limits and faster downloads.

Loading weights:   0%|          | 0/103 [00:00<?, ?it/s]
Loading weights: 100%|██████████| 103/103 [00:00<00:00, 10170.52it/s]
