
=== attempt 1 (exit=0, 41.8s) ===
Running [cluster]: models=['sbert_gte'] datasets=['banking77'] seed=42

[1/1] model=sbert_gte dataset=banking77 seed=42: ok acc=0.666615655367664 nmi=0.8131230009551556

                                                     Banking77 (K=77)
Model         ACC      NMI      ARI      AMI     Homog.  Complet. V-meas.   Purity   Silh.      DB       CH
--------------------------------------------------------------------------------------------------------------
SBERT-GTE     66.7     81.3     56.5     80.2     80.6     82.0     81.3     70.5     12.6    236.8   16614.8

Results from a single run (seed=42).

Results appended to: /raid/brunoguilherme/DeepGenerativeTopicCluster/results/cluster7_all_datasets_20260914_121424/cluster/cluster_results.csv
Results merged into: /raid/brunoguilherme/DeepGenerativeTopicCluster/results/cluster7_all_datasets_20260914_121424/cluster/cluster_results.json
Table written to: /raid/brunoguilherme/DeepGenerativeTopicCluster/results/cluster7_all_datasets_20260914_121424/cluster/table.txt
Table written to: /raid/brunoguilherme/DeepGenerativeTopicCluster/results/cluster7_all_datasets_20260914_121424/cluster/table.tex
WARNING: All log messages before absl::InitializeLog() is called are written to STDERR
I0000 00:00:1789389567.005815 2978611 port.cc:153] oneDNN custom operations are on. You may see slightly different numerical results due to floating-point round-off errors from different computation orders. To turn them off, set the environment variable `TF_ENABLE_ONEDNN_OPTS=0`.
I0000 00:00:1789389567.047644 2978611 cpu_feature_guard.cc:227] This TensorFlow binary is optimized to use available CPU instructions in performance-critical operations.
To enable the following instructions: AVX2 AVX512F AVX512_VNNI AVX512_BF16 AVX512_FP16 AVX_VNNI AMX_TILE AMX_INT8 AMX_BF16 FMA, in other operations, rebuild TensorFlow with the appropriate compiler flags.
WARNING: All log messages before absl::InitializeLog() is called are written to STDERR
I0000 00:00:1789389567.990653 2978611 port.cc:153] oneDNN custom operations are on. You may see slightly different numerical results due to floating-point round-off errors from different computation orders. To turn them off, set the environment variable `TF_ENABLE_ONEDNN_OPTS=0`.
Warning: You are sending unauthenticated requests to the HF Hub. Please set a HF_TOKEN to enable higher rate limits and faster downloads.

Generating train split:   0%|          | 0/9993 [00:00<?, ? examples/s]
Generating train split: 100%|██████████| 9993/9993 [00:00<00:00, 1158860.87 examples/s]

Generating test split:   0%|          | 0/3076 [00:00<?, ? examples/s]
Generating test split: 100%|██████████| 3076/3076 [00:00<00:00, 1322299.80 examples/s]

Loading weights:   0%|          | 0/391 [00:00<?, ?it/s]
Loading weights: 100%|██████████| 391/391 [00:00<00:00, 9250.85it/s]
