
=== attempt 1 (exit=0, 16.6s) ===
Running [cluster]: models=['sbert_gte'] datasets=['tweet'] seed=42

[1/1] model=sbert_gte dataset=tweet seed=42: ok acc=0.6395631067961165 nmi=0.8805792757751667

                                                       Tweet (K=89)
Model         ACC      NMI      ARI      AMI     Homog.  Complet. V-meas.   Purity   Silh.      DB       CH
--------------------------------------------------------------------------------------------------------------
SBERT-GTE     64.0     88.1     51.6     84.6     94.3     82.6     88.1     92.2     12.8    257.7    2644.2

Results from a single run (seed=42).

Results appended to: /raid/brunoguilherme/DeepGenerativeTopicCluster/results/cluster7_all_datasets_20260914_121424/cluster/cluster_results.csv
Results merged into: /raid/brunoguilherme/DeepGenerativeTopicCluster/results/cluster7_all_datasets_20260914_121424/cluster/cluster_results.json
Table written to: /raid/brunoguilherme/DeepGenerativeTopicCluster/results/cluster7_all_datasets_20260914_121424/cluster/table.txt
Table written to: /raid/brunoguilherme/DeepGenerativeTopicCluster/results/cluster7_all_datasets_20260914_121424/cluster/table.tex
WARNING: All log messages before absl::InitializeLog() is called are written to STDERR
I0000 00:00:1789388711.587877 2948740 port.cc:153] oneDNN custom operations are on. You may see slightly different numerical results due to floating-point round-off errors from different computation orders. To turn them off, set the environment variable `TF_ENABLE_ONEDNN_OPTS=0`.
I0000 00:00:1789388711.628590 2948740 cpu_feature_guard.cc:227] This TensorFlow binary is optimized to use available CPU instructions in performance-critical operations.
To enable the following instructions: AVX2 AVX512F AVX512_VNNI AVX512_BF16 AVX512_FP16 AVX_VNNI AMX_TILE AMX_INT8 AMX_BF16 FMA, in other operations, rebuild TensorFlow with the appropriate compiler flags.
WARNING: All log messages before absl::InitializeLog() is called are written to STDERR
I0000 00:00:1789388712.571649 2948740 port.cc:153] oneDNN custom operations are on. You may see slightly different numerical results due to floating-point round-off errors from different computation orders. To turn them off, set the environment variable `TF_ENABLE_ONEDNN_OPTS=0`.
Warning: You are sending unauthenticated requests to the HF Hub. Please set a HF_TOKEN to enable higher rate limits and faster downloads.

Loading weights:   0%|          | 0/391 [00:00<?, ?it/s]
Loading weights: 100%|██████████| 391/391 [00:00<00:00, 9504.33it/s]
