
=== attempt 1 (exit=0, 8.0s) ===
[setup_palmetto] Palmetto already installed and verified at tools/palmetto/palmetto.jar/tools/palmetto/wiki_data/wikipedia_bd - skipping setup.
Running [topic]: models=['sbert_msmpnet'] datasets=['hicot_google_news'] k=[100] seed=42 protocol=ecrtm_hicot cv_method=palmetto

[1/1] model=sbert_msmpnet dataset=hicot_google_news k=100: ERROR 401 Client Error. (Request ID: Root=1-6aa674b3-7d5c5e355fe07d935804dbe8;eeff90a7-a90c-45bd-b979-bb5ad2c14652)

K = 100 Topics

                       GoogleNews (HiCOT)
Model             C_V    Purity   NMI      TD
------------------------------------------------
SBERT-MS-MPNet   ERROR   ERROR   ERROR   ERROR

Results appended to: /raid/brunoguilherme/DeepGenerativeTopicCluster/results/sbert11_ecrtm_hicot_20260912_181146/experiment_results.csv
Results merged into: /raid/brunoguilherme/DeepGenerativeTopicCluster/results/sbert11_ecrtm_hicot_20260912_181146/experiment_results.json
Topics written to: /raid/brunoguilherme/DeepGenerativeTopicCluster/results/sbert11_ecrtm_hicot_20260912_181146/experiment/topics/
Table written to: /raid/brunoguilherme/DeepGenerativeTopicCluster/results/sbert11_ecrtm_hicot_20260912_181146/table_k100.txt
Table written to: /raid/brunoguilherme/DeepGenerativeTopicCluster/results/sbert11_ecrtm_hicot_20260912_181146/table_k100.tex
WARNING: All log messages before absl::InitializeLog() is called are written to STDERR
I0000 00:00:1789293742.754530 4002580 port.cc:153] oneDNN custom operations are on. You may see slightly different numerical results due to floating-point round-off errors from different computation orders. To turn them off, set the environment variable `TF_ENABLE_ONEDNN_OPTS=0`.
I0000 00:00:1789293742.798509 4002580 cpu_feature_guard.cc:227] This TensorFlow binary is optimized to use available CPU instructions in performance-critical operations.
To enable the following instructions: AVX2 AVX512F AVX512_VNNI AVX512_BF16 AVX512_FP16 AVX_VNNI AMX_TILE AMX_INT8 AMX_BF16 FMA, in other operations, rebuild TensorFlow with the appropriate compiler flags.
WARNING: All log messages before absl::InitializeLog() is called are written to STDERR
I0000 00:00:1789293743.718700 4002580 port.cc:153] oneDNN custom operations are on. You may see slightly different numerical results due to floating-point round-off errors from different computation orders. To turn them off, set the environment variable `TF_ENABLE_ONEDNN_OPTS=0`.

=== attempt 2 (exit=0, 10.3s) ===
[setup_palmetto] Palmetto already installed and verified at tools/palmetto/palmetto.jar/tools/palmetto/wiki_data/wikipedia_bd - skipping setup.
Running [topic]: models=['sbert_msmpnet'] datasets=['hicot_google_news'] k=[100] seed=42 protocol=ecrtm_hicot cv_method=palmetto

[1/1] model=sbert_msmpnet dataset=hicot_google_news k=100: ERROR 401 Client Error. (Request ID: Root=1-6aa674d1-553a6b2d0dea5b534d11ee38;2e262041-b1ec-4b87-80f3-a83246e9ff28)

K = 100 Topics

                       GoogleNews (HiCOT)
Model             C_V    Purity   NMI      TD
------------------------------------------------
SBERT-MS-MPNet   ERROR   ERROR   ERROR   ERROR

Results appended to: /raid/brunoguilherme/DeepGenerativeTopicCluster/results/sbert11_ecrtm_hicot_20260912_181146/experiment_results.csv
Results merged into: /raid/brunoguilherme/DeepGenerativeTopicCluster/results/sbert11_ecrtm_hicot_20260912_181146/experiment_results.json
Topics written to: /raid/brunoguilherme/DeepGenerativeTopicCluster/results/sbert11_ecrtm_hicot_20260912_181146/experiment/topics/
Table written to: /raid/brunoguilherme/DeepGenerativeTopicCluster/results/sbert11_ecrtm_hicot_20260912_181146/table_k100.txt
Table written to: /raid/brunoguilherme/DeepGenerativeTopicCluster/results/sbert11_ecrtm_hicot_20260912_181146/table_k100.tex
WARNING: All log messages before absl::InitializeLog() is called are written to STDERR
I0000 00:00:1789293771.574514 4003192 port.cc:153] oneDNN custom operations are on. You may see slightly different numerical results due to floating-point round-off errors from different computation orders. To turn them off, set the environment variable `TF_ENABLE_ONEDNN_OPTS=0`.
I0000 00:00:1789293771.645798 4003192 cpu_feature_guard.cc:227] This TensorFlow binary is optimized to use available CPU instructions in performance-critical operations.
To enable the following instructions: AVX2 AVX512F AVX512_VNNI AVX512_BF16 AVX512_FP16 AVX_VNNI AMX_TILE AMX_INT8 AMX_BF16 FMA, in other operations, rebuild TensorFlow with the appropriate compiler flags.
WARNING: All log messages before absl::InitializeLog() is called are written to STDERR
I0000 00:00:1789293773.170089 4003192 port.cc:153] oneDNN custom operations are on. You may see slightly different numerical results due to floating-point round-off errors from different computation orders. To turn them off, set the environment variable `TF_ENABLE_ONEDNN_OPTS=0`.

=== attempt 3 (exit=0, 9.6s) ===
[setup_palmetto] Palmetto already installed and verified at tools/palmetto/palmetto.jar/tools/palmetto/wiki_data/wikipedia_bd - skipping setup.
Running [topic]: models=['sbert_msmpnet'] datasets=['hicot_google_news'] k=[100] seed=42 protocol=ecrtm_hicot cv_method=palmetto

[1/1] model=sbert_msmpnet dataset=hicot_google_news k=100: ERROR 401 Client Error. (Request ID: Root=1-6aa674ef-10d0d0ec71732be422f3c3d8;8e8e80f4-914a-4e22-9401-b48ca0d2544e)

K = 100 Topics

                       GoogleNews (HiCOT)
Model             C_V    Purity   NMI      TD
------------------------------------------------
SBERT-MS-MPNet   ERROR   ERROR   ERROR   ERROR

Results appended to: /raid/brunoguilherme/DeepGenerativeTopicCluster/results/sbert11_ecrtm_hicot_20260912_181146/experiment_results.csv
Results merged into: /raid/brunoguilherme/DeepGenerativeTopicCluster/results/sbert11_ecrtm_hicot_20260912_181146/experiment_results.json
Topics written to: /raid/brunoguilherme/DeepGenerativeTopicCluster/results/sbert11_ecrtm_hicot_20260912_181146/experiment/topics/
Table written to: /raid/brunoguilherme/DeepGenerativeTopicCluster/results/sbert11_ecrtm_hicot_20260912_181146/table_k100.txt
Table written to: /raid/brunoguilherme/DeepGenerativeTopicCluster/results/sbert11_ecrtm_hicot_20260912_181146/table_k100.tex
WARNING: All log messages before absl::InitializeLog() is called are written to STDERR
I0000 00:00:1789293801.843743 4004151 port.cc:153] oneDNN custom operations are on. You may see slightly different numerical results due to floating-point round-off errors from different computation orders. To turn them off, set the environment variable `TF_ENABLE_ONEDNN_OPTS=0`.
I0000 00:00:1789293801.913009 4004151 cpu_feature_guard.cc:227] This TensorFlow binary is optimized to use available CPU instructions in performance-critical operations.
To enable the following instructions: AVX2 AVX512F AVX512_VNNI AVX512_BF16 AVX512_FP16 AVX_VNNI AMX_TILE AMX_INT8 AMX_BF16 FMA, in other operations, rebuild TensorFlow with the appropriate compiler flags.
WARNING: All log messages before absl::InitializeLog() is called are written to STDERR
I0000 00:00:1789293803.455760 4004151 port.cc:153] oneDNN custom operations are on. You may see slightly different numerical results due to floating-point round-off errors from different computation orders. To turn them off, set the environment variable `TF_ENABLE_ONEDNN_OPTS=0`.

=== attempt 1 (exit=0, 7.7s) ===
[setup_palmetto] Palmetto already installed and verified at tools/palmetto/palmetto.jar/tools/palmetto/wiki_data/wikipedia_bd - skipping setup.
Running [topic]: models=['sbert_msmpnet'] datasets=['hicot_google_news'] k=[100] seed=42 protocol=ecrtm_hicot cv_method=palmetto

[1/1] model=sbert_msmpnet dataset=hicot_google_news k=100: ERROR 401 Client Error. (Request ID: Root=1-6aa6f79f-1c0845c274cf9cf8647d152f;1e3fb2ca-adb8-4bb0-8a60-65189ad52c50)

K = 100 Topics

                       GoogleNews (HiCOT)
Model             C_V    Purity   NMI      TD
------------------------------------------------
SBERT-MS-MPNet   ERROR   ERROR   ERROR   ERROR

Results appended to: /raid/brunoguilherme/DeepGenerativeTopicCluster/results/sbert11_ecrtm_hicot_20260912_181146/experiment_results.csv
Results merged into: /raid/brunoguilherme/DeepGenerativeTopicCluster/results/sbert11_ecrtm_hicot_20260912_181146/experiment_results.json
Topics written to: /raid/brunoguilherme/DeepGenerativeTopicCluster/results/sbert11_ecrtm_hicot_20260912_181146/experiment/topics/
Table written to: /raid/brunoguilherme/DeepGenerativeTopicCluster/results/sbert11_ecrtm_hicot_20260912_181146/table_k100.txt
Table written to: /raid/brunoguilherme/DeepGenerativeTopicCluster/results/sbert11_ecrtm_hicot_20260912_181146/table_k100.tex
WARNING: All log messages before absl::InitializeLog() is called are written to STDERR
I0000 00:00:1789327258.722442  950173 port.cc:153] oneDNN custom operations are on. You may see slightly different numerical results due to floating-point round-off errors from different computation orders. To turn them off, set the environment variable `TF_ENABLE_ONEDNN_OPTS=0`.
I0000 00:00:1789327258.763338  950173 cpu_feature_guard.cc:227] This TensorFlow binary is optimized to use available CPU instructions in performance-critical operations.
To enable the following instructions: AVX2 AVX512F AVX512_VNNI AVX512_BF16 AVX512_FP16 AVX_VNNI AMX_TILE AMX_INT8 AMX_BF16 FMA, in other operations, rebuild TensorFlow with the appropriate compiler flags.
WARNING: All log messages before absl::InitializeLog() is called are written to STDERR
I0000 00:00:1789327259.682360  950173 port.cc:153] oneDNN custom operations are on. You may see slightly different numerical results due to floating-point round-off errors from different computation orders. To turn them off, set the environment variable `TF_ENABLE_ONEDNN_OPTS=0`.

=== attempt 2 (exit=0, 10.0s) ===
[setup_palmetto] Palmetto already installed and verified at tools/palmetto/palmetto.jar/tools/palmetto/wiki_data/wikipedia_bd - skipping setup.
Running [topic]: models=['sbert_msmpnet'] datasets=['hicot_google_news'] k=[100] seed=42 protocol=ecrtm_hicot cv_method=palmetto

[1/1] model=sbert_msmpnet dataset=hicot_google_news k=100: ERROR 401 Client Error. (Request ID: Root=1-6aa6f7bc-12799d926760a92c72913efc;c23f4ec4-9551-4e29-a835-d789d263f2e6)

K = 100 Topics

                       GoogleNews (HiCOT)
Model             C_V    Purity   NMI      TD
------------------------------------------------
SBERT-MS-MPNet   ERROR   ERROR   ERROR   ERROR

Results appended to: /raid/brunoguilherme/DeepGenerativeTopicCluster/results/sbert11_ecrtm_hicot_20260912_181146/experiment_results.csv
Results merged into: /raid/brunoguilherme/DeepGenerativeTopicCluster/results/sbert11_ecrtm_hicot_20260912_181146/experiment_results.json
Topics written to: /raid/brunoguilherme/DeepGenerativeTopicCluster/results/sbert11_ecrtm_hicot_20260912_181146/experiment/topics/
Table written to: /raid/brunoguilherme/DeepGenerativeTopicCluster/results/sbert11_ecrtm_hicot_20260912_181146/table_k100.txt
Table written to: /raid/brunoguilherme/DeepGenerativeTopicCluster/results/sbert11_ecrtm_hicot_20260912_181146/table_k100.tex
WARNING: All log messages before absl::InitializeLog() is called are written to STDERR
I0000 00:00:1789327287.285137  951022 port.cc:153] oneDNN custom operations are on. You may see slightly different numerical results due to floating-point round-off errors from different computation orders. To turn them off, set the environment variable `TF_ENABLE_ONEDNN_OPTS=0`.
I0000 00:00:1789327287.354309  951022 cpu_feature_guard.cc:227] This TensorFlow binary is optimized to use available CPU instructions in performance-critical operations.
To enable the following instructions: AVX2 AVX512F AVX512_VNNI AVX512_BF16 AVX512_FP16 AVX_VNNI AMX_TILE AMX_INT8 AMX_BF16 FMA, in other operations, rebuild TensorFlow with the appropriate compiler flags.
WARNING: All log messages before absl::InitializeLog() is called are written to STDERR
I0000 00:00:1789327288.891601  951022 port.cc:153] oneDNN custom operations are on. You may see slightly different numerical results due to floating-point round-off errors from different computation orders. To turn them off, set the environment variable `TF_ENABLE_ONEDNN_OPTS=0`.

=== attempt 3 (exit=0, 10.0s) ===
[setup_palmetto] Palmetto already installed and verified at tools/palmetto/palmetto.jar/tools/palmetto/wiki_data/wikipedia_bd - skipping setup.
Running [topic]: models=['sbert_msmpnet'] datasets=['hicot_google_news'] k=[100] seed=42 protocol=ecrtm_hicot cv_method=palmetto

[1/1] model=sbert_msmpnet dataset=hicot_google_news k=100: ERROR 401 Client Error. (Request ID: Root=1-6aa6f7db-4d7cf1f4345207bd2eb3c057;70232c55-1fb3-4553-80af-a568746c4da6)

K = 100 Topics

                       GoogleNews (HiCOT)
Model             C_V    Purity   NMI      TD
------------------------------------------------
SBERT-MS-MPNet   ERROR   ERROR   ERROR   ERROR

Results appended to: /raid/brunoguilherme/DeepGenerativeTopicCluster/results/sbert11_ecrtm_hicot_20260912_181146/experiment_results.csv
Results merged into: /raid/brunoguilherme/DeepGenerativeTopicCluster/results/sbert11_ecrtm_hicot_20260912_181146/experiment_results.json
Topics written to: /raid/brunoguilherme/DeepGenerativeTopicCluster/results/sbert11_ecrtm_hicot_20260912_181146/experiment/topics/
Table written to: /raid/brunoguilherme/DeepGenerativeTopicCluster/results/sbert11_ecrtm_hicot_20260912_181146/table_k100.txt
Table written to: /raid/brunoguilherme/DeepGenerativeTopicCluster/results/sbert11_ecrtm_hicot_20260912_181146/table_k100.tex
WARNING: All log messages before absl::InitializeLog() is called are written to STDERR
I0000 00:00:1789327317.533875  952391 port.cc:153] oneDNN custom operations are on. You may see slightly different numerical results due to floating-point round-off errors from different computation orders. To turn them off, set the environment variable `TF_ENABLE_ONEDNN_OPTS=0`.
I0000 00:00:1789327317.602595  952391 cpu_feature_guard.cc:227] This TensorFlow binary is optimized to use available CPU instructions in performance-critical operations.
To enable the following instructions: AVX2 AVX512F AVX512_VNNI AVX512_BF16 AVX512_FP16 AVX_VNNI AMX_TILE AMX_INT8 AMX_BF16 FMA, in other operations, rebuild TensorFlow with the appropriate compiler flags.
WARNING: All log messages before absl::InitializeLog() is called are written to STDERR
I0000 00:00:1789327319.142768  952391 port.cc:153] oneDNN custom operations are on. You may see slightly different numerical results due to floating-point round-off errors from different computation orders. To turn them off, set the environment variable `TF_ENABLE_ONEDNN_OPTS=0`.
