
=== attempt 1 (exit=0, 152.9s) ===
[setup_palmetto] Palmetto already installed and verified at tools/palmetto/palmetto.jar/tools/palmetto/wiki_data/wikipedia_bd - skipping setup.
Running [topic]: models=['sbert_distilbert'] datasets=['20ng'] k=[100] seed=42 protocol=ecrtm_hicot cv_method=palmetto

[1/1] model=sbert_distilbert dataset=20ng k=100: ok (cv=None purity=0.4372811206622095 nmi=0.31940740473074436 td=0.122)

K = 100 Topics

                                20NG
Model               C_V    Purity   NMI      TD
--------------------------------------------------
SBERT-DistilBERT    N/A    0.437   0.319   0.122

Results appended to: /raid/brunoguilherme/DeepGenerativeTopicCluster/results/sbert11_ecrtm_hicot_20260912_181146/experiment_results.csv
Results merged into: /raid/brunoguilherme/DeepGenerativeTopicCluster/results/sbert11_ecrtm_hicot_20260912_181146/experiment_results.json
Topics written to: /raid/brunoguilherme/DeepGenerativeTopicCluster/results/sbert11_ecrtm_hicot_20260912_181146/experiment/topics/
Table written to: /raid/brunoguilherme/DeepGenerativeTopicCluster/results/sbert11_ecrtm_hicot_20260912_181146/table_k100.txt
Table written to: /raid/brunoguilherme/DeepGenerativeTopicCluster/results/sbert11_ecrtm_hicot_20260912_181146/table_k100.tex
WARNING: All log messages before absl::InitializeLog() is called are written to STDERR
I0000 00:00:1789313454.227348  457885 port.cc:153] oneDNN custom operations are on. You may see slightly different numerical results due to floating-point round-off errors from different computation orders. To turn them off, set the environment variable `TF_ENABLE_ONEDNN_OPTS=0`.
I0000 00:00:1789313454.269900  457885 cpu_feature_guard.cc:227] This TensorFlow binary is optimized to use available CPU instructions in performance-critical operations.
To enable the following instructions: AVX2 AVX512F AVX512_VNNI AVX512_BF16 AVX512_FP16 AVX_VNNI AMX_TILE AMX_INT8 AMX_BF16 FMA, in other operations, rebuild TensorFlow with the appropriate compiler flags.
WARNING: All log messages before absl::InitializeLog() is called are written to STDERR
I0000 00:00:1789313455.222501  457885 port.cc:153] oneDNN custom operations are on. You may see slightly different numerical results due to floating-point round-off errors from different computation orders. To turn them off, set the environment variable `TF_ENABLE_ONEDNN_OPTS=0`.
Warning: You are sending unauthenticated requests to the HF Hub. Please set a HF_TOKEN to enable higher rate limits and faster downloads.

Loading weights:   0%|          | 0/100 [00:00<?, ?it/s]
Loading weights: 100%|██████████| 100/100 [00:00<00:00, 9509.60it/s]
