
=== attempt 1 (exit=0, 8.2s) ===
[setup_palmetto] Palmetto already installed and verified at tools/palmetto/palmetto.jar/tools/palmetto/wiki_data/wikipedia_bd - skipping setup.
Running [topic]: models=['sbert_msmpnet'] datasets=['tweet'] k=[100] seed=42 protocol=ecrtm_hicot cv_method=palmetto

[1/1] model=sbert_msmpnet dataset=tweet k=100: ERROR 401 Client Error. (Request ID: Root=1-6aa67217-0a58c2ac6e4b5e11264cebdf;7237f48f-01a9-4d0a-95e7-d5dcbd2dd940)

K = 100 Topics

                             Tweet
Model             C_V    Purity   NMI      TD
------------------------------------------------
SBERT-MS-MPNet   ERROR   ERROR   ERROR   ERROR

Results appended to: /raid/brunoguilherme/DeepGenerativeTopicCluster/results/sbert11_ecrtm_hicot_20260912_181146/experiment_results.csv
Results merged into: /raid/brunoguilherme/DeepGenerativeTopicCluster/results/sbert11_ecrtm_hicot_20260912_181146/experiment_results.json
Topics written to: /raid/brunoguilherme/DeepGenerativeTopicCluster/results/sbert11_ecrtm_hicot_20260912_181146/experiment/topics/
Table written to: /raid/brunoguilherme/DeepGenerativeTopicCluster/results/sbert11_ecrtm_hicot_20260912_181146/table_k100.txt
Table written to: /raid/brunoguilherme/DeepGenerativeTopicCluster/results/sbert11_ecrtm_hicot_20260912_181146/table_k100.tex
WARNING: All log messages before absl::InitializeLog() is called are written to STDERR
I0000 00:00:1789293074.277503 3979688 port.cc:153] oneDNN custom operations are on. You may see slightly different numerical results due to floating-point round-off errors from different computation orders. To turn them off, set the environment variable `TF_ENABLE_ONEDNN_OPTS=0`.
I0000 00:00:1789293074.318533 3979688 cpu_feature_guard.cc:227] This TensorFlow binary is optimized to use available CPU instructions in performance-critical operations.
To enable the following instructions: AVX2 AVX512F AVX512_VNNI AVX512_BF16 AVX512_FP16 AVX_VNNI AMX_TILE AMX_INT8 AMX_BF16 FMA, in other operations, rebuild TensorFlow with the appropriate compiler flags.
WARNING: All log messages before absl::InitializeLog() is called are written to STDERR
I0000 00:00:1789293075.242427 3979688 port.cc:153] oneDNN custom operations are on. You may see slightly different numerical results due to floating-point round-off errors from different computation orders. To turn them off, set the environment variable `TF_ENABLE_ONEDNN_OPTS=0`.

=== attempt 2 (exit=0, 10.0s) ===
[setup_palmetto] Palmetto already installed and verified at tools/palmetto/palmetto.jar/tools/palmetto/wiki_data/wikipedia_bd - skipping setup.
Running [topic]: models=['sbert_msmpnet'] datasets=['tweet'] k=[100] seed=42 protocol=ecrtm_hicot cv_method=palmetto

[1/1] model=sbert_msmpnet dataset=tweet k=100: ERROR 401 Client Error. (Request ID: Root=1-6aa67235-76ca795e341de2447626df4f;c54acf14-21fb-4d6d-aa65-4ada1a9aa19d)

K = 100 Topics

                             Tweet
Model             C_V    Purity   NMI      TD
------------------------------------------------
SBERT-MS-MPNet   ERROR   ERROR   ERROR   ERROR

Results appended to: /raid/brunoguilherme/DeepGenerativeTopicCluster/results/sbert11_ecrtm_hicot_20260912_181146/experiment_results.csv
Results merged into: /raid/brunoguilherme/DeepGenerativeTopicCluster/results/sbert11_ecrtm_hicot_20260912_181146/experiment_results.json
Topics written to: /raid/brunoguilherme/DeepGenerativeTopicCluster/results/sbert11_ecrtm_hicot_20260912_181146/experiment/topics/
Table written to: /raid/brunoguilherme/DeepGenerativeTopicCluster/results/sbert11_ecrtm_hicot_20260912_181146/table_k100.txt
Table written to: /raid/brunoguilherme/DeepGenerativeTopicCluster/results/sbert11_ecrtm_hicot_20260912_181146/table_k100.tex
WARNING: All log messages before absl::InitializeLog() is called are written to STDERR
I0000 00:00:1789293103.184347 3980532 port.cc:153] oneDNN custom operations are on. You may see slightly different numerical results due to floating-point round-off errors from different computation orders. To turn them off, set the environment variable `TF_ENABLE_ONEDNN_OPTS=0`.
I0000 00:00:1789293103.254779 3980532 cpu_feature_guard.cc:227] This TensorFlow binary is optimized to use available CPU instructions in performance-critical operations.
To enable the following instructions: AVX2 AVX512F AVX512_VNNI AVX512_BF16 AVX512_FP16 AVX_VNNI AMX_TILE AMX_INT8 AMX_BF16 FMA, in other operations, rebuild TensorFlow with the appropriate compiler flags.
WARNING: All log messages before absl::InitializeLog() is called are written to STDERR
I0000 00:00:1789293104.798113 3980532 port.cc:153] oneDNN custom operations are on. You may see slightly different numerical results due to floating-point round-off errors from different computation orders. To turn them off, set the environment variable `TF_ENABLE_ONEDNN_OPTS=0`.

=== attempt 3 (exit=0, 7.8s) ===
[setup_palmetto] Palmetto already installed and verified at tools/palmetto/palmetto.jar/tools/palmetto/wiki_data/wikipedia_bd - skipping setup.
Running [topic]: models=['sbert_msmpnet'] datasets=['tweet'] k=[100] seed=42 protocol=ecrtm_hicot cv_method=palmetto

[1/1] model=sbert_msmpnet dataset=tweet k=100: ERROR 401 Client Error. (Request ID: Root=1-6aa67250-071a79fa42b7bce5772bb9b1;3187e7e0-72bb-4eee-b748-360db8c249b5)

K = 100 Topics

                             Tweet
Model             C_V    Purity   NMI      TD
------------------------------------------------
SBERT-MS-MPNet   ERROR   ERROR   ERROR   ERROR

Results appended to: /raid/brunoguilherme/DeepGenerativeTopicCluster/results/sbert11_ecrtm_hicot_20260912_181146/experiment_results.csv
Results merged into: /raid/brunoguilherme/DeepGenerativeTopicCluster/results/sbert11_ecrtm_hicot_20260912_181146/experiment_results.json
Topics written to: /raid/brunoguilherme/DeepGenerativeTopicCluster/results/sbert11_ecrtm_hicot_20260912_181146/experiment/topics/
Table written to: /raid/brunoguilherme/DeepGenerativeTopicCluster/results/sbert11_ecrtm_hicot_20260912_181146/table_k100.txt
Table written to: /raid/brunoguilherme/DeepGenerativeTopicCluster/results/sbert11_ecrtm_hicot_20260912_181146/table_k100.tex
WARNING: All log messages before absl::InitializeLog() is called are written to STDERR
I0000 00:00:1789293132.239234 3981703 port.cc:153] oneDNN custom operations are on. You may see slightly different numerical results due to floating-point round-off errors from different computation orders. To turn them off, set the environment variable `TF_ENABLE_ONEDNN_OPTS=0`.
I0000 00:00:1789293132.280692 3981703 cpu_feature_guard.cc:227] This TensorFlow binary is optimized to use available CPU instructions in performance-critical operations.
To enable the following instructions: AVX2 AVX512F AVX512_VNNI AVX512_BF16 AVX512_FP16 AVX_VNNI AMX_TILE AMX_INT8 AMX_BF16 FMA, in other operations, rebuild TensorFlow with the appropriate compiler flags.
WARNING: All log messages before absl::InitializeLog() is called are written to STDERR
I0000 00:00:1789293133.211275 3981703 port.cc:153] oneDNN custom operations are on. You may see slightly different numerical results due to floating-point round-off errors from different computation orders. To turn them off, set the environment variable `TF_ENABLE_ONEDNN_OPTS=0`.

=== attempt 1 (exit=0, 9.1s) ===
[setup_palmetto] Palmetto already installed and verified at tools/palmetto/palmetto.jar/tools/palmetto/wiki_data/wikipedia_bd - skipping setup.
Running [topic]: models=['sbert_msmpnet'] datasets=['tweet'] k=[100] seed=42 protocol=ecrtm_hicot cv_method=palmetto

[1/1] model=sbert_msmpnet dataset=tweet k=100: ERROR 401 Client Error. (Request ID: Root=1-6aa6f4fb-704252c853efbc0762965c2f;aa64ebc4-91cf-45be-bc1f-34cdf9e62e27)

K = 100 Topics

                             Tweet
Model             C_V    Purity   NMI      TD
------------------------------------------------
SBERT-MS-MPNet   ERROR   ERROR   ERROR   ERROR

Results appended to: /raid/brunoguilherme/DeepGenerativeTopicCluster/results/sbert11_ecrtm_hicot_20260912_181146/experiment_results.csv
Results merged into: /raid/brunoguilherme/DeepGenerativeTopicCluster/results/sbert11_ecrtm_hicot_20260912_181146/experiment_results.json
Topics written to: /raid/brunoguilherme/DeepGenerativeTopicCluster/results/sbert11_ecrtm_hicot_20260912_181146/experiment/topics/
Table written to: /raid/brunoguilherme/DeepGenerativeTopicCluster/results/sbert11_ecrtm_hicot_20260912_181146/table_k100.txt
Table written to: /raid/brunoguilherme/DeepGenerativeTopicCluster/results/sbert11_ecrtm_hicot_20260912_181146/table_k100.tex
WARNING: All log messages before absl::InitializeLog() is called are written to STDERR
I0000 00:00:1789326581.683449  923363 port.cc:153] oneDNN custom operations are on. You may see slightly different numerical results due to floating-point round-off errors from different computation orders. To turn them off, set the environment variable `TF_ENABLE_ONEDNN_OPTS=0`.
I0000 00:00:1789326581.755008  923363 cpu_feature_guard.cc:227] This TensorFlow binary is optimized to use available CPU instructions in performance-critical operations.
To enable the following instructions: AVX2 AVX512F AVX512_VNNI AVX512_BF16 AVX512_FP16 AVX_VNNI AMX_TILE AMX_INT8 AMX_BF16 FMA, in other operations, rebuild TensorFlow with the appropriate compiler flags.
WARNING: All log messages before absl::InitializeLog() is called are written to STDERR
I0000 00:00:1789326583.331895  923363 port.cc:153] oneDNN custom operations are on. You may see slightly different numerical results due to floating-point round-off errors from different computation orders. To turn them off, set the environment variable `TF_ENABLE_ONEDNN_OPTS=0`.

=== attempt 2 (exit=0, 11.4s) ===
[setup_palmetto] Palmetto already installed and verified at tools/palmetto/palmetto.jar/tools/palmetto/wiki_data/wikipedia_bd - skipping setup.
Running [topic]: models=['sbert_msmpnet'] datasets=['tweet'] k=[100] seed=42 protocol=ecrtm_hicot cv_method=palmetto

[1/1] model=sbert_msmpnet dataset=tweet k=100: ERROR 401 Client Error. (Request ID: Root=1-6aa6f51a-65bce9c433b922256eb5bfce;69c1fcbf-6b0f-493c-bda5-325910b5b24f)

K = 100 Topics

                             Tweet
Model             C_V    Purity   NMI      TD
------------------------------------------------
SBERT-MS-MPNet   ERROR   ERROR   ERROR   ERROR

Results appended to: /raid/brunoguilherme/DeepGenerativeTopicCluster/results/sbert11_ecrtm_hicot_20260912_181146/experiment_results.csv
Results merged into: /raid/brunoguilherme/DeepGenerativeTopicCluster/results/sbert11_ecrtm_hicot_20260912_181146/experiment_results.json
Topics written to: /raid/brunoguilherme/DeepGenerativeTopicCluster/results/sbert11_ecrtm_hicot_20260912_181146/experiment/topics/
Table written to: /raid/brunoguilherme/DeepGenerativeTopicCluster/results/sbert11_ecrtm_hicot_20260912_181146/table_k100.txt
Table written to: /raid/brunoguilherme/DeepGenerativeTopicCluster/results/sbert11_ecrtm_hicot_20260912_181146/table_k100.tex
WARNING: All log messages before absl::InitializeLog() is called are written to STDERR
I0000 00:00:1789326611.719174  924393 port.cc:153] oneDNN custom operations are on. You may see slightly different numerical results due to floating-point round-off errors from different computation orders. To turn them off, set the environment variable `TF_ENABLE_ONEDNN_OPTS=0`.
I0000 00:00:1789326611.788304  924393 cpu_feature_guard.cc:227] This TensorFlow binary is optimized to use available CPU instructions in performance-critical operations.
To enable the following instructions: AVX2 AVX512F AVX512_VNNI AVX512_BF16 AVX512_FP16 AVX_VNNI AMX_TILE AMX_INT8 AMX_BF16 FMA, in other operations, rebuild TensorFlow with the appropriate compiler flags.
WARNING: All log messages before absl::InitializeLog() is called are written to STDERR
I0000 00:00:1789326613.310446  924393 port.cc:153] oneDNN custom operations are on. You may see slightly different numerical results due to floating-point round-off errors from different computation orders. To turn them off, set the environment variable `TF_ENABLE_ONEDNN_OPTS=0`.

=== attempt 3 (exit=0, 9.6s) ===
[setup_palmetto] Palmetto already installed and verified at tools/palmetto/palmetto.jar/tools/palmetto/wiki_data/wikipedia_bd - skipping setup.
Running [topic]: models=['sbert_msmpnet'] datasets=['tweet'] k=[100] seed=42 protocol=ecrtm_hicot cv_method=palmetto

[1/1] model=sbert_msmpnet dataset=tweet k=100: ERROR 401 Client Error. (Request ID: Root=1-6aa6f538-562a1f0f1e8618b30e1952bb;e221ed57-d692-4a80-a766-9e322b72d0a8)

K = 100 Topics

                             Tweet
Model             C_V    Purity   NMI      TD
------------------------------------------------
SBERT-MS-MPNet   ERROR   ERROR   ERROR   ERROR

Results appended to: /raid/brunoguilherme/DeepGenerativeTopicCluster/results/sbert11_ecrtm_hicot_20260912_181146/experiment_results.csv
Results merged into: /raid/brunoguilherme/DeepGenerativeTopicCluster/results/sbert11_ecrtm_hicot_20260912_181146/experiment_results.json
Topics written to: /raid/brunoguilherme/DeepGenerativeTopicCluster/results/sbert11_ecrtm_hicot_20260912_181146/experiment/topics/
Table written to: /raid/brunoguilherme/DeepGenerativeTopicCluster/results/sbert11_ecrtm_hicot_20260912_181146/table_k100.txt
Table written to: /raid/brunoguilherme/DeepGenerativeTopicCluster/results/sbert11_ecrtm_hicot_20260912_181146/table_k100.tex
WARNING: All log messages before absl::InitializeLog() is called are written to STDERR
I0000 00:00:1789326642.982378  926065 port.cc:153] oneDNN custom operations are on. You may see slightly different numerical results due to floating-point round-off errors from different computation orders. To turn them off, set the environment variable `TF_ENABLE_ONEDNN_OPTS=0`.
I0000 00:00:1789326643.050967  926065 cpu_feature_guard.cc:227] This TensorFlow binary is optimized to use available CPU instructions in performance-critical operations.
To enable the following instructions: AVX2 AVX512F AVX512_VNNI AVX512_BF16 AVX512_FP16 AVX_VNNI AMX_TILE AMX_INT8 AMX_BF16 FMA, in other operations, rebuild TensorFlow with the appropriate compiler flags.
WARNING: All log messages before absl::InitializeLog() is called are written to STDERR
I0000 00:00:1789326644.563836  926065 port.cc:153] oneDNN custom operations are on. You may see slightly different numerical results due to floating-point round-off errors from different computation orders. To turn them off, set the environment variable `TF_ENABLE_ONEDNN_OPTS=0`.
