
=== attempt 1 (exit=0, 7.9s) ===
[setup_palmetto] Palmetto already installed and verified at tools/palmetto/palmetto.jar/tools/palmetto/wiki_data/wikipedia_bd - skipping setup.
Running [topic]: models=['sbert_msmpnet'] datasets=['google_news_ts'] k=[100] seed=42 protocol=ecrtm_hicot cv_method=palmetto

[1/1] model=sbert_msmpnet dataset=google_news_ts k=100: ERROR 401 Client Error. (Request ID: Root=1-6aa6707d-4dc50fdd678b26cb31fd616b;56d0bb82-1903-45e4-a13e-16bbff015927)

K = 100 Topics

                         GoogleNews-TS
Model             C_V    Purity   NMI      TD
------------------------------------------------
SBERT-MS-MPNet   ERROR   ERROR   ERROR   ERROR

Results appended to: /raid/brunoguilherme/DeepGenerativeTopicCluster/results/sbert11_ecrtm_hicot_20260912_181146/experiment_results.csv
Results merged into: /raid/brunoguilherme/DeepGenerativeTopicCluster/results/sbert11_ecrtm_hicot_20260912_181146/experiment_results.json
Topics written to: /raid/brunoguilherme/DeepGenerativeTopicCluster/results/sbert11_ecrtm_hicot_20260912_181146/experiment/topics/
Table written to: /raid/brunoguilherme/DeepGenerativeTopicCluster/results/sbert11_ecrtm_hicot_20260912_181146/table_k100.txt
Table written to: /raid/brunoguilherme/DeepGenerativeTopicCluster/results/sbert11_ecrtm_hicot_20260912_181146/table_k100.tex
WARNING: All log messages before absl::InitializeLog() is called are written to STDERR
I0000 00:00:1789292664.398280 3965382 port.cc:153] oneDNN custom operations are on. You may see slightly different numerical results due to floating-point round-off errors from different computation orders. To turn them off, set the environment variable `TF_ENABLE_ONEDNN_OPTS=0`.
I0000 00:00:1789292664.438469 3965382 cpu_feature_guard.cc:227] This TensorFlow binary is optimized to use available CPU instructions in performance-critical operations.
To enable the following instructions: AVX2 AVX512F AVX512_VNNI AVX512_BF16 AVX512_FP16 AVX_VNNI AMX_TILE AMX_INT8 AMX_BF16 FMA, in other operations, rebuild TensorFlow with the appropriate compiler flags.
WARNING: All log messages before absl::InitializeLog() is called are written to STDERR
I0000 00:00:1789292665.379930 3965382 port.cc:153] oneDNN custom operations are on. You may see slightly different numerical results due to floating-point round-off errors from different computation orders. To turn them off, set the environment variable `TF_ENABLE_ONEDNN_OPTS=0`.

=== attempt 2 (exit=0, 9.8s) ===
[setup_palmetto] Palmetto already installed and verified at tools/palmetto/palmetto.jar/tools/palmetto/wiki_data/wikipedia_bd - skipping setup.
Running [topic]: models=['sbert_msmpnet'] datasets=['google_news_ts'] k=[100] seed=42 protocol=ecrtm_hicot cv_method=palmetto

[1/1] model=sbert_msmpnet dataset=google_news_ts k=100: ERROR 401 Client Error. (Request ID: Root=1-6aa6709b-708f52f362a03180486d131e;a0db563c-9bb9-43c9-b745-8b9142553c5a)

K = 100 Topics

                         GoogleNews-TS
Model             C_V    Purity   NMI      TD
------------------------------------------------
SBERT-MS-MPNet   ERROR   ERROR   ERROR   ERROR

Results appended to: /raid/brunoguilherme/DeepGenerativeTopicCluster/results/sbert11_ecrtm_hicot_20260912_181146/experiment_results.csv
Results merged into: /raid/brunoguilherme/DeepGenerativeTopicCluster/results/sbert11_ecrtm_hicot_20260912_181146/experiment_results.json
Topics written to: /raid/brunoguilherme/DeepGenerativeTopicCluster/results/sbert11_ecrtm_hicot_20260912_181146/experiment/topics/
Table written to: /raid/brunoguilherme/DeepGenerativeTopicCluster/results/sbert11_ecrtm_hicot_20260912_181146/table_k100.txt
Table written to: /raid/brunoguilherme/DeepGenerativeTopicCluster/results/sbert11_ecrtm_hicot_20260912_181146/table_k100.tex
WARNING: All log messages before absl::InitializeLog() is called are written to STDERR
I0000 00:00:1789292693.285925 3966156 port.cc:153] oneDNN custom operations are on. You may see slightly different numerical results due to floating-point round-off errors from different computation orders. To turn them off, set the environment variable `TF_ENABLE_ONEDNN_OPTS=0`.
I0000 00:00:1789292693.358328 3966156 cpu_feature_guard.cc:227] This TensorFlow binary is optimized to use available CPU instructions in performance-critical operations.
To enable the following instructions: AVX2 AVX512F AVX512_VNNI AVX512_BF16 AVX512_FP16 AVX_VNNI AMX_TILE AMX_INT8 AMX_BF16 FMA, in other operations, rebuild TensorFlow with the appropriate compiler flags.
WARNING: All log messages before absl::InitializeLog() is called are written to STDERR
I0000 00:00:1789292695.006788 3966156 port.cc:153] oneDNN custom operations are on. You may see slightly different numerical results due to floating-point round-off errors from different computation orders. To turn them off, set the environment variable `TF_ENABLE_ONEDNN_OPTS=0`.

=== attempt 3 (exit=0, 10.4s) ===
[setup_palmetto] Palmetto already installed and verified at tools/palmetto/palmetto.jar/tools/palmetto/wiki_data/wikipedia_bd - skipping setup.
Running [topic]: models=['sbert_msmpnet'] datasets=['google_news_ts'] k=[100] seed=42 protocol=ecrtm_hicot cv_method=palmetto

[1/1] model=sbert_msmpnet dataset=google_news_ts k=100: ERROR 401 Client Error. (Request ID: Root=1-6aa670b9-262a39714dfa114a4de0faf9;27eb12ac-2d0e-41c8-bfae-4c734b391b1d)

K = 100 Topics

                         GoogleNews-TS
Model             C_V    Purity   NMI      TD
------------------------------------------------
SBERT-MS-MPNet   ERROR   ERROR   ERROR   ERROR

Results appended to: /raid/brunoguilherme/DeepGenerativeTopicCluster/results/sbert11_ecrtm_hicot_20260912_181146/experiment_results.csv
Results merged into: /raid/brunoguilherme/DeepGenerativeTopicCluster/results/sbert11_ecrtm_hicot_20260912_181146/experiment_results.json
Topics written to: /raid/brunoguilherme/DeepGenerativeTopicCluster/results/sbert11_ecrtm_hicot_20260912_181146/experiment/topics/
Table written to: /raid/brunoguilherme/DeepGenerativeTopicCluster/results/sbert11_ecrtm_hicot_20260912_181146/table_k100.txt
Table written to: /raid/brunoguilherme/DeepGenerativeTopicCluster/results/sbert11_ecrtm_hicot_20260912_181146/table_k100.tex
WARNING: All log messages before absl::InitializeLog() is called are written to STDERR
I0000 00:00:1789292722.942018 3967029 port.cc:153] oneDNN custom operations are on. You may see slightly different numerical results due to floating-point round-off errors from different computation orders. To turn them off, set the environment variable `TF_ENABLE_ONEDNN_OPTS=0`.
I0000 00:00:1789292723.011317 3967029 cpu_feature_guard.cc:227] This TensorFlow binary is optimized to use available CPU instructions in performance-critical operations.
To enable the following instructions: AVX2 AVX512F AVX512_VNNI AVX512_BF16 AVX512_FP16 AVX_VNNI AMX_TILE AMX_INT8 AMX_BF16 FMA, in other operations, rebuild TensorFlow with the appropriate compiler flags.
WARNING: All log messages before absl::InitializeLog() is called are written to STDERR
I0000 00:00:1789292724.552978 3967029 port.cc:153] oneDNN custom operations are on. You may see slightly different numerical results due to floating-point round-off errors from different computation orders. To turn them off, set the environment variable `TF_ENABLE_ONEDNN_OPTS=0`.

=== attempt 1 (exit=0, 9.4s) ===
[setup_palmetto] Palmetto already installed and verified at tools/palmetto/palmetto.jar/tools/palmetto/wiki_data/wikipedia_bd - skipping setup.
Running [topic]: models=['sbert_msmpnet'] datasets=['google_news_ts'] k=[100] seed=42 protocol=ecrtm_hicot cv_method=palmetto

[1/1] model=sbert_msmpnet dataset=google_news_ts k=100: ERROR 401 Client Error. (Request ID: Root=1-6aa6f365-738ebe8b215c012d592cba9a;e3f4fdb5-53f6-4f00-a96a-012fe1c2677c)

K = 100 Topics

                         GoogleNews-TS
Model             C_V    Purity   NMI      TD
------------------------------------------------
SBERT-MS-MPNet   ERROR   ERROR   ERROR   ERROR

Results appended to: /raid/brunoguilherme/DeepGenerativeTopicCluster/results/sbert11_ecrtm_hicot_20260912_181146/experiment_results.csv
Results merged into: /raid/brunoguilherme/DeepGenerativeTopicCluster/results/sbert11_ecrtm_hicot_20260912_181146/experiment_results.json
Topics written to: /raid/brunoguilherme/DeepGenerativeTopicCluster/results/sbert11_ecrtm_hicot_20260912_181146/experiment/topics/
Table written to: /raid/brunoguilherme/DeepGenerativeTopicCluster/results/sbert11_ecrtm_hicot_20260912_181146/table_k100.txt
Table written to: /raid/brunoguilherme/DeepGenerativeTopicCluster/results/sbert11_ecrtm_hicot_20260912_181146/table_k100.tex
WARNING: All log messages before absl::InitializeLog() is called are written to STDERR
I0000 00:00:1789326175.479015  906698 port.cc:153] oneDNN custom operations are on. You may see slightly different numerical results due to floating-point round-off errors from different computation orders. To turn them off, set the environment variable `TF_ENABLE_ONEDNN_OPTS=0`.
I0000 00:00:1789326175.550027  906698 cpu_feature_guard.cc:227] This TensorFlow binary is optimized to use available CPU instructions in performance-critical operations.
To enable the following instructions: AVX2 AVX512F AVX512_VNNI AVX512_BF16 AVX512_FP16 AVX_VNNI AMX_TILE AMX_INT8 AMX_BF16 FMA, in other operations, rebuild TensorFlow with the appropriate compiler flags.
WARNING: All log messages before absl::InitializeLog() is called are written to STDERR
I0000 00:00:1789326177.132567  906698 port.cc:153] oneDNN custom operations are on. You may see slightly different numerical results due to floating-point round-off errors from different computation orders. To turn them off, set the environment variable `TF_ENABLE_ONEDNN_OPTS=0`.

=== attempt 2 (exit=0, 9.7s) ===
[setup_palmetto] Palmetto already installed and verified at tools/palmetto/palmetto.jar/tools/palmetto/wiki_data/wikipedia_bd - skipping setup.
Running [topic]: models=['sbert_msmpnet'] datasets=['google_news_ts'] k=[100] seed=42 protocol=ecrtm_hicot cv_method=palmetto

[1/1] model=sbert_msmpnet dataset=google_news_ts k=100: ERROR 401 Client Error. (Request ID: Root=1-6aa6f383-66e8528d7196217b0c6968bd;3c5da997-8512-48e8-a0df-be313dd615cd)

K = 100 Topics

                         GoogleNews-TS
Model             C_V    Purity   NMI      TD
------------------------------------------------
SBERT-MS-MPNet   ERROR   ERROR   ERROR   ERROR

Results appended to: /raid/brunoguilherme/DeepGenerativeTopicCluster/results/sbert11_ecrtm_hicot_20260912_181146/experiment_results.csv
Results merged into: /raid/brunoguilherme/DeepGenerativeTopicCluster/results/sbert11_ecrtm_hicot_20260912_181146/experiment_results.json
Topics written to: /raid/brunoguilherme/DeepGenerativeTopicCluster/results/sbert11_ecrtm_hicot_20260912_181146/experiment/topics/
Table written to: /raid/brunoguilherme/DeepGenerativeTopicCluster/results/sbert11_ecrtm_hicot_20260912_181146/table_k100.txt
Table written to: /raid/brunoguilherme/DeepGenerativeTopicCluster/results/sbert11_ecrtm_hicot_20260912_181146/table_k100.tex
WARNING: All log messages before absl::InitializeLog() is called are written to STDERR
I0000 00:00:1789326205.336094  909271 port.cc:153] oneDNN custom operations are on. You may see slightly different numerical results due to floating-point round-off errors from different computation orders. To turn them off, set the environment variable `TF_ENABLE_ONEDNN_OPTS=0`.
I0000 00:00:1789326205.404815  909271 cpu_feature_guard.cc:227] This TensorFlow binary is optimized to use available CPU instructions in performance-critical operations.
To enable the following instructions: AVX2 AVX512F AVX512_VNNI AVX512_BF16 AVX512_FP16 AVX_VNNI AMX_TILE AMX_INT8 AMX_BF16 FMA, in other operations, rebuild TensorFlow with the appropriate compiler flags.
WARNING: All log messages before absl::InitializeLog() is called are written to STDERR
I0000 00:00:1789326206.946113  909271 port.cc:153] oneDNN custom operations are on. You may see slightly different numerical results due to floating-point round-off errors from different computation orders. To turn them off, set the environment variable `TF_ENABLE_ONEDNN_OPTS=0`.

=== attempt 3 (exit=0, 12.3s) ===
[setup_palmetto] Palmetto already installed and verified at tools/palmetto/palmetto.jar/tools/palmetto/wiki_data/wikipedia_bd - skipping setup.
Running [topic]: models=['sbert_msmpnet'] datasets=['google_news_ts'] k=[100] seed=42 protocol=ecrtm_hicot cv_method=palmetto

[1/1] model=sbert_msmpnet dataset=google_news_ts k=100: ERROR 401 Client Error. (Request ID: Root=1-6aa6f3a3-0a4e71c81c96f32f4656376a;baf5782d-fdc1-4e89-997f-6f745de74dcc)

K = 100 Topics

                         GoogleNews-TS
Model             C_V    Purity   NMI      TD
------------------------------------------------
SBERT-MS-MPNet   ERROR   ERROR   ERROR   ERROR

Results appended to: /raid/brunoguilherme/DeepGenerativeTopicCluster/results/sbert11_ecrtm_hicot_20260912_181146/experiment_results.csv
Results merged into: /raid/brunoguilherme/DeepGenerativeTopicCluster/results/sbert11_ecrtm_hicot_20260912_181146/experiment_results.json
Topics written to: /raid/brunoguilherme/DeepGenerativeTopicCluster/results/sbert11_ecrtm_hicot_20260912_181146/experiment/topics/
Table written to: /raid/brunoguilherme/DeepGenerativeTopicCluster/results/sbert11_ecrtm_hicot_20260912_181146/table_k100.txt
Table written to: /raid/brunoguilherme/DeepGenerativeTopicCluster/results/sbert11_ecrtm_hicot_20260912_181146/table_k100.tex
WARNING: All log messages before absl::InitializeLog() is called are written to STDERR
I0000 00:00:1789326235.009976  910855 port.cc:153] oneDNN custom operations are on. You may see slightly different numerical results due to floating-point round-off errors from different computation orders. To turn them off, set the environment variable `TF_ENABLE_ONEDNN_OPTS=0`.
I0000 00:00:1789326235.077517  910855 cpu_feature_guard.cc:227] This TensorFlow binary is optimized to use available CPU instructions in performance-critical operations.
To enable the following instructions: AVX2 AVX512F AVX512_VNNI AVX512_BF16 AVX512_FP16 AVX_VNNI AMX_TILE AMX_INT8 AMX_BF16 FMA, in other operations, rebuild TensorFlow with the appropriate compiler flags.
WARNING: All log messages before absl::InitializeLog() is called are written to STDERR
I0000 00:00:1789326236.560422  910855 port.cc:153] oneDNN custom operations are on. You may see slightly different numerical results due to floating-point round-off errors from different computation orders. To turn them off, set the environment variable `TF_ENABLE_ONEDNN_OPTS=0`.
